gcc p8original.c
îº§ gdb a.out
GNU gdb (Ubuntu 8.1.1-0ubuntu1) 8.1.1
Copyright (C) 2018 Free Software Foundation, Inc.
License GPLv3+: GNU GPL version 3 or later <http://gnu.org/licenses/gpl.html>
This is free software: you are free to change and redistribute it.
There is NO WARRANTY, to the extent permitted by law.  Type "show copying"
and "show warranty" for details.
This GDB was configured as "x86_64-linux-gnu".
Type "show configuration" for configuration details.
For bug reporting instructions, please see:
<http://www.gnu.org/software/gdb/bugs/>.
Find the GDB manual and other documentation resources online at:
<http://www.gnu.org/software/gdb/documentation/>.
For help, type "help".
Type "apropos word" to search for commands related to "word"...
Reading symbols from a.out...(no debugging symbols found)...done.
(gdb) b main
Breakpoint 1 at 0xa32
(gdb) r
Starting program: /home/runner/pps-IA1-practice/a.out 
warning: Error disabling address space randomization: Operation not permitted

Breakpoint 1, 0x000055f996c00a32 in main ()
(gdb) n
Single stepping until exit from function main,
which has no line number information.
Enter the number of complex numbers:3
Enter the real part:2
Enter the imaginary part:3
Enter the real part:3
Enter the imaginary part:4
Enter the real part:4
Enter the imaginary part:5
2.00 + 3.00i
3.00 + 4.00i
+ 4.00 + 5.00i is
9.00 + 12.00i
__libc_start_main (main=0x55f996c00a2e <main>, argc=1, argv=0x7ffdcaa35628, 
    init=<optimized out>, fini=<optimized out>, rtld_fini=<optimized out>, 
    stack_end=0x7ffdcaa35618) at ../csu/libc-start.c:344
344 ../csu/libc-start.c: No such file or directory.
(gdb) n
[Inferior 1 (process 183) exited normally]
(gdb) Quit